
[C++ MODULE]
arquivo=C:\Users\PolyanaSilva\Documents\BP_VRPTW\PD_SILVA_CPP\PD_SILVA_CPP\x64\Release\vrptw_pd_silva.pyd
[AVISO PETRO] Frota heterogenea - usando navio de MENOR deckSpace.
======================================================================
LEITURA PETRO: instancias/Petro_instancias/14n-2k-6c-008r_ML_silva2024.json
Clientes: 14 | Navios: 2 | deckSpace=570 dieselTanks=1000 waterTanks=800
initialStock: diesel=0 agua=0 | janela base=[25200, 345600] s | max_partida=0 s
----------------------------------------------------------------------
no             dem_v1   deck_L   deck_B   diesel     agua  serv(s)  #jan
BASE_BASE_SILVA      0.0      0.0      0.0      0.0      0.0     0.00     1
PLAT_1_order_0     16.0     16.0      0.0      0.0      0.0  1918.08     1
PLAT_2_order_1     27.0      0.0     27.0      0.0      0.0  3236.76     2
PLAT_2_order_2     14.0     14.0      0.0      0.0      0.0  1678.32     2
PLAT_2_order_3      0.0      0.0      0.0    336.0      0.0 18023.04     2
PLAT_3_order_4     19.0     19.0      0.0      0.0      0.0  2277.72     2
PLAT_4_order_5     77.0     77.0      0.0      0.0      0.0 12945.24     2
PLAT_4_order_6      0.0      0.0      0.0    283.0      0.0 13040.64     2
PLAT_5_order_7     18.0      0.0     18.0      0.0      0.0  2157.84     2
PLAT_5_order_8     33.0     33.0      0.0      0.0      0.0  3956.04     2
PLAT_5_order_9      0.0      0.0      0.0    177.0      0.0  9494.28     2
PLAT_6_order_10     15.0      0.0     15.0      0.0      0.0  1798.20     2
PLAT_6_order_11     17.0     17.0      0.0      0.0      0.0  2037.96     2
PLAT_6_order_12      0.0      0.0      0.0    220.0      0.0 11800.80     2
PLAT_6_order_13      0.0      0.0      0.0      0.0    381.0 24551.64     2
----------------------------------------------------------------------
Demanda v1 total (deck L+B): 236.0  (capacidade 570)
Diesel total: 1016.0 (stock 0) | Agua total: 381.0 (stock 0)
base -> PLAT_1_order_0:  167.8 km     47552 s
base -> PLAT_2_order_1:  192.6 km     54599 s
base -> PLAT_2_order_2:  192.6 km     54599 s
base -> PLAT_2_order_3:  192.6 km     54599 s
base -> PLAT_3_order_4:  182.9 km     51848 s
base -> PLAT_4_order_5:  199.8 km     56638 s
base -> PLAT_4_order_6:  199.8 km     56638 s
base -> PLAT_5_order_7:  172.0 km     48742 s
base -> PLAT_5_order_8:  172.0 km     48742 s
base -> PLAT_5_order_9:  172.0 km     48742 s
base -> PLAT_6_order_10:  192.7 km     54621 s
base -> PLAT_6_order_11:  192.7 km     54621 s
base -> PLAT_6_order_12:  192.7 km     54621 s
base -> PLAT_6_order_13:  192.7 km     54621 s
======================================================================

[alpha=0.0] seq=[0, 1, 9, 5, 6, 4, 2, 15]
  custo_cpp=61.553889 custo_python=61.553889 diff=0.000e+00
  rc_cpp=-142.646111 rc_python=-142.646111 diff=0.000e+00
  B=0.8000 hDP=20.9658 f1=26168.2773 f2=61.5539
  [OK]

[alpha=0.1] seq=[0, 15]
  custo_cpp=0.000000 custo_python=0.000000 diff=0.000e+00
  rc_cpp=-0.200000 rc_python=-0.200000 diff=0.000e+00
  B=0.8000 hDP=0.0000 f1=0.0000 f2=0.0000
  [OK]

[alpha=1.0] seq=[0, 15]
  custo_cpp=0.000000 custo_python=0.000000 diff=0.000e+00
  rc_cpp=-0.200000 rc_python=-0.200000 diff=0.000e+00
  B=0.8000 hDP=0.0000 f1=0.0000 f2=0.0000
  [OK]


====================================================================================================
RESUMO ALPHA SWEEP (mesmo candidato/pricing, alpha variando)
====================================================================================================
 alpha        B      hDP           f1       f2        custo  diff_custo     diff_rc
   0.0   0.8000  20.9658   26168.2773  61.5539      61.5539   0.000e+00   0.000e+00
   0.1   0.8000   0.0000       0.0000   0.0000       0.0000   0.000e+00   0.000e+00
   1.0   0.8000   0.0000       0.0000   0.0000       0.0000   0.000e+00   0.000e+00

====================================================================================================
[RESULTADO FINAL ALPHA SWEEP] TODOS OS ALPHAS OK
====================================================================================================
