[AVISO PETRO] Frota heterogenea - usando navio de MENOR deckSpace.
======================================================================
LEITURA PETRO: C:\Users\PolyanaSilva\Documents\BP_VRPTW\instancias\Petro_instancias\14n-2k-6c-008r_ML_silva2024.json
Clientes: 14 | Navios: 2 | deckSpace=570 dieselTanks=1000 waterTanks=800
initialStock: diesel=0 agua=0 | janela base=[25200, 345600] s | max_partida=0 s
----------------------------------------------------------------------
no             dem_v1   deck_L   deck_B   diesel     agua  serv(s)  #jan
BASE_BASE_SILVA      0.0      0.0      0.0      0.0      0.0     0.00     1
PLAT_1_order_0     16.0     16.0      0.0      0.0      0.0  1918.08     1
PLAT_2_order_1     27.0      0.0     27.0      0.0      0.0  3236.76     2
PLAT_2_order_2     14.0     14.0      0.0      0.0      0.0  1678.32     2
PLAT_2_order_3      0.0      0.0      0.0    336.0      0.0 18023.04     2
PLAT_3_order_4     19.0     19.0      0.0      0.0      0.0  2277.72     2
PLAT_4_order_5     77.0     77.0      0.0      0.0      0.0 12945.24     2
PLAT_4_order_6      0.0      0.0      0.0    283.0      0.0 13040.64     2
PLAT_5_order_7     18.0      0.0     18.0      0.0      0.0  2157.84     2
PLAT_5_order_8     33.0     33.0      0.0      0.0      0.0  3956.04     2
PLAT_5_order_9      0.0      0.0      0.0    177.0      0.0  9494.28     2
PLAT_6_order_10     15.0      0.0     15.0      0.0      0.0  1798.20     2
PLAT_6_order_11     17.0     17.0      0.0      0.0      0.0  2037.96     2
PLAT_6_order_12      0.0      0.0      0.0    220.0      0.0 11800.80     2
PLAT_6_order_13      0.0      0.0      0.0      0.0    381.0 24551.64     2
----------------------------------------------------------------------
Demanda v1 total (deck L+B): 236.0  (capacidade 570)
Diesel total: 1016.0 (stock 0) | Agua total: 381.0 (stock 0)
base -> PLAT_1_order_0:  167.8 km     47552 s
base -> PLAT_2_order_1:  192.6 km     54599 s
base -> PLAT_2_order_2:  192.6 km     54599 s
base -> PLAT_2_order_3:  192.6 km     54599 s
base -> PLAT_3_order_4:  182.9 km     51848 s
base -> PLAT_4_order_5:  199.8 km     56638 s
base -> PLAT_4_order_6:  199.8 km     56638 s
base -> PLAT_5_order_7:  172.0 km     48742 s
base -> PLAT_5_order_8:  172.0 km     48742 s
base -> PLAT_5_order_9:  172.0 km     48742 s
base -> PLAT_6_order_10:  192.7 km     54621 s
base -> PLAT_6_order_11:  192.7 km     54621 s
base -> PLAT_6_order_12:  192.7 km     54621 s
base -> PLAT_6_order_13:  192.7 km     54621 s
======================================================================
==================== Iniciando o MODELO EXATO PETRO
==============================================================================
[SILVA] orders | dueTime: DELIVERY (deckCargoLoad/dieselLoad/waterLoad) -> inicio+servico<=dueTime | PICKUP (deckCargoBackload) -> F_k<=dueTime (descarga agregada da viagem, sem FIFO/LIFO individual).
 no sourceOrderId commodity          dueTime(h)  timeWindows(h)
  1             0 deckCargoLoad          144.00  [(0.0, 144.0)]
  2             1 deckCargoBackload      144.00  [(0.0, 121.0), (181.0, 240.0)]
  3             2 deckCargoLoad          192.00  [(0.0, 121.0), (181.0, 240.0)]
  4             3 dieselLoad             240.00  [(0.0, 121.0), (181.0, 240.0)]
  5             4 deckCargoLoad          168.00  [(4.0, 112.0), (160.0, 168.0)]
  6             5 deckCargoLoad          216.00  [(22.0, 148.0), (208.0, 216.0)]
  7             6 dieselLoad             168.00  [(22.0, 148.0), (208.0, 216.0)]
  8             7 deckCargoBackload      144.00  [(0.0, 77.0), (137.0, 168.0)]
  9             8 deckCargoLoad          120.00  [(0.0, 77.0), (137.0, 168.0)]
 10             9 dieselLoad             168.00  [(0.0, 77.0), (137.0, 168.0)]
 11            10 deckCargoBackload      216.00  [(71.0, 209.0), (233.0, 240.0)]
 12            11 deckCargoLoad          192.00  [(71.0, 209.0), (233.0, 240.0)]
 13            12 dieselLoad             216.00  [(71.0, 209.0), (233.0, 240.0)]
 14            13 waterLoad              240.00  [(71.0, 209.0), (233.0, 240.0)]
==============================================================================
Set parameter Username
Set parameter LicenseID to value 2792355
Academic license - for non-commercial use only - expires 2027-03-13
Set parameter TimeLimit to value 20
Set parameter Threads to value 4
Set parameter Seed to value 42
Gurobi Optimizer version 13.0.1 build v13.0.1rc0 (win64 - Windows 11+.0 (26200.2))

CPU model: 12th Gen Intel(R) Core(TM) i7-12800H, instruction set [SSE2|AVX|AVX2]
Thread count: 14 physical cores, 20 logical processors, using up to 4 threads

Non-default parameters:
TimeLimit  20
Seed  42
Threads  4

Optimize a model with 2524 rows, 700 columns and 8148 nonzeros (Min)
Model fingerprint: 0xfc0acc42
Model has 8 linear objective coefficients and an objective constant of -7.8
Variable types: 94 continuous, 606 integer (606 binary)
Coefficient statistics:
  Matrix range     [1e+00, 1e+06]
  Objective range  [3e-04, 5e-01]
  Bounds range     [1e+00, 1e+01]
  RHS range        [1e+00, 2e+06]

Presolve removed 632 rows and 137 columns
Presolve time: 0.05s
Presolved: 1892 rows, 563 columns, 13686 nonzeros
Variable types: 92 continuous, 471 integer (470 binary)
Found heuristic solution: objective 188.0329342

Root relaxation: objective 7.400000e+00, 279 iterations, 0.00 seconds (0.01 work units)

    Nodes    |    Current Node    |     Objective Bounds      |     Work
 Expl Unexpl |  Obj  Depth IntInf | Incumbent    BestBd   Gap | It/Node Time

     0     0    7.40000    0   20  188.03293    7.40000  96.1%     -    0s
     0     0    7.40000    0   48  188.03293    7.40000  96.1%     -    0s
H    0     0                     158.1971393    7.40000  95.3%     -    0s
     0     0    7.40000    0   47  158.19714    7.40000  95.3%     -    0s
     0     0    7.40000    0   63  158.19714    7.40000  95.3%     -    0s
     0     0    7.40000    0   29  158.19714    7.40000  95.3%     -    0s
H    0     0                     147.7427750    7.40000  95.0%     -    0s
H    0     0                     145.0455149    7.40000  94.9%     -    0s
     0     0    7.40658    0   35  145.04551    7.40658  94.9%     -    0s
     0     0    7.40658    0   24  145.04551    7.40658  94.9%     -    0s
     0     0    7.40658    0    8  145.04551    7.40658  94.9%     -    0s
     0     0    7.40658    0   11  145.04551    7.40658  94.9%     -    0s
     0     0    7.40658    0   61  145.04551    7.40658  94.9%     -    0s
     0     0    7.40658    0   31  145.04551    7.40658  94.9%     -    0s
H    0     0                     143.7203999    7.48249  94.8%     -    0s
     0     0    7.62695    0   63  143.72040    7.62695  94.7%     -    0s
     0     0    7.76406    0   66  143.72040    7.76406  94.6%     -    0s
H    0     0                     140.0495056    7.76406  94.5%     -    0s
     0     0    9.58196    0   62  140.04951    9.58196  93.2%     -    0s
     0     0    9.61366    0   54  140.04951    9.61366  93.1%     -    0s
     0     0   10.03201    0   52  140.04951   10.03201  92.8%     -    0s
     0     0   10.26639    0   51  140.04951   10.26639  92.7%     -    0s
     0     0   10.29482    0   60  140.04951   10.29482  92.6%     -    0s
     0     0   10.30394    0   56  140.04951   10.30394  92.6%     -    0s
     0     0   10.91022    0   80  140.04951   10.91022  92.2%     -    0s
     0     0   10.99367    0   54  140.04951   10.99367  92.2%     -    0s
     0     0   10.99367    0   54  140.04951   10.99367  92.2%     -    0s
     0     0   11.32171    0   65  140.04951   11.32171  91.9%     -    0s
     0     0   11.35677    0   66  140.04951   11.35677  91.9%     -    0s
     0     0   11.43856    0   74  140.04951   11.43856  91.8%     -    0s
     0     0   11.43910    0   80  140.04951   11.43910  91.8%     -    0s
     0     0   11.45743    0   88  140.04951   11.45743  91.8%     -    0s
     0     0   11.48006    0   86  140.04951   11.48006  91.8%     -    0s
     0     0   11.48006    0   83  140.04951   11.48006  91.8%     -    0s
     0     0   11.74055    0   86  140.04951   11.74055  91.6%     -    0s
H    0     0                     140.0247078   11.81692  91.6%     -    0s
     0     0   11.81692    0   74  140.02471   11.81692  91.6%     -    0s
     0     0   11.82380    0   80  140.02471   11.82380  91.6%     -    0s
     0     0   11.82380    0   81  140.02471   11.82380  91.6%     -    0s
     0     0   12.00706    0   77  140.02471   12.00706  91.4%     -    1s
     0     0   12.00828    0   78  140.02471   12.00828  91.4%     -    1s
     0     0   12.02823    0   85  140.02471   12.02823  91.4%     -    1s
     0     0   12.02823    0   83  140.02471   12.02823  91.4%     -    1s
     0     0   12.02823    0   86  140.02471   12.02823  91.4%     -    1s
     0     0   13.28430    0   84  140.02471   13.28430  90.5%     -    1s
H    0     0                     139.9850974   13.28430  90.5%     -    1s
     0     0   13.28430    0   81  139.98510   13.28430  90.5%     -    1s
     0     0   13.28430    0   67  139.98510   13.28430  90.5%     -    1s
     0     0   13.28430    0   68  139.98510   13.28430  90.5%     -    1s
H    0     0                     138.8010836   13.28430  90.4%     -    1s
     0     0   13.28430    0   78  138.80108   13.28430  90.4%     -    1s
     0     0   13.28430    0   68  138.80108   13.28430  90.4%     -    1s
     0     0   13.28430    0   68  138.80108   13.28430  90.4%     -    1s
     0     0   13.28430    0   66  138.80108   13.28430  90.4%     -    1s
     0     2   13.28430    0   63  138.80108   13.28430  90.4%     -    1s
H    9    12                     138.4866371   13.98749  89.9%   191    1s
H   82    74                     138.1869611   13.98749  89.9%  82.3    1s
H  828   582                     137.3443357   14.64216  89.3%  41.0    2s
H 2443  1165                     136.7448912   14.64260  89.3%  42.5    4s
  2853  1281   18.15441   33   31  136.74489   14.64260  89.3%  42.5    5s
* 4083  1573              34     136.6112169   14.64260  89.3%  39.7    6s
* 4093  1572              36     133.6315357   14.64260  89.0%  39.6    6s
* 4944  2006              34     132.4720913   14.64260  88.9%  37.4    6s
* 6486  2758              38     131.3084562   14.64260  88.8%  35.1    7s
* 8939  3609              43     130.7090117   14.64260  88.8%  32.4    8s
 13343  5144   14.64260   39   37  130.70901   14.64260  88.8%  30.0   10s
*13370  5136              44     129.5495673   14.64260  88.7%  30.0   10s
 20474  7531   16.54195   43   66  129.54957   14.64260  88.7%  28.9   16s

Cutting planes:
  Cover: 3
  Implied bound: 26
  Projected implied bound: 2
  MIR: 14
  Mixing: 7
  Flow cover: 66
  GUB cover: 3
  Zero half: 2
  RLT: 11
  Relax-and-lift: 29

Explored 20495 nodes (610348 simplex iterations) in 20.01 seconds (35.67 work units)
Thread count was 4 (of 20 available processors)

Solution count 10: 129.55 130.709 131.308 ... 138.487

Time limit reached
Best objective 1.295495672945e+02, best bound 1.464260324132e+01, gap 88.6973%
[EXATO_PETRO] status=TIME_LIMIT | FO=129.55 | bound=14.64 | gap=88.70% | t=20.0s
[EXATO_PETRO] Navio 0 | rota=[0, 8, 1, 15] | custo=33.23 | valida=True | motivo=ok
  no | plataforma | antes | coleta | pico | entrega | depois
   8 | PLAT_5       |   16.00 |   18.00 |   34.00 |    0.00 |   34.00
   1 | PLAT_1       |   34.00 |    0.00 |   34.00 |   16.00 |   18.00
[FO_PETRO] Navio 0 | hF=0.0000h hB=0.6800h hN=28.2536h hDP=4.2922h | T=33.2258h
[FO_PETRO] Navio 0 | AT_k=7.0000h B_k=7.0000h P_k=7.3200h R_k=39.8658h F_k=40.2258h
[FO_PETRO] Navio 0 | hDP decomposto: SET=1.3400h SP=1.8200h servico=1.1322h espera(residual)=0.0000h
[FO_PETRO] Navio 0 | tripDurationLimit=96.0000h | F_k-s_k=33.2258h | folga=62.7742h
[FO_PETRO] Navio 0 | FCA(theta)=56.0000 FCB(varphi)=56.0000 FCN(gamma)=432.0000 FCS(delta)=327.0000 (USD/h)
[FO_PETRO] Navio 0 | f1 marginal (custo relativo ao fundeio, theta=FCA): termo_base=(FCB-FCA)*hB=0.0000 | termo_navegacao=(FCN-FCA)*hN=10623.3381 | termo_servico=(FCS-FCA)*hDP=1163.1922 | f1_k=11786.5303 USD
[FO_PETRO] Navio 0 | alpha*f1_k=0.0000 USD | (1-alpha)*eta*xi_k*T_k=33.2258 (xi_k=1, NAO CONFIRMADO -- ver ETAPA 5) | custo_total=33.2258
[EXATO_PETRO] Navio 1 | rota=[0, 9, 10, 5, 7, 6, 2, 3, 4, 11, 13, 14, 12, 15] | custo=96.32 | valida=True | motivo=ok
  no | plataforma | antes | coleta | pico | entrega | depois
   9 | PLAT_5       |  160.00 |    0.00 |  160.00 |   33.00 |  127.00
  10 | PLAT_5       |  127.00 |    0.00 |  127.00 |    0.00 |  127.00
   5 | PLAT_3       |  127.00 |    0.00 |  127.00 |   19.00 |  108.00
   7 | PLAT_4       |  108.00 |    0.00 |  108.00 |    0.00 |  108.00
   6 | PLAT_4       |  108.00 |    0.00 |  108.00 |   77.00 |   31.00
   2 | PLAT_2       |   31.00 |   27.00 |   58.00 |    0.00 |   58.00
   3 | PLAT_2       |   58.00 |    0.00 |   58.00 |   14.00 |   44.00
   4 | PLAT_2       |   44.00 |    0.00 |   44.00 |    0.00 |   44.00
  11 | PLAT_6       |   44.00 |   15.00 |   59.00 |    0.00 |   59.00
  13 | PLAT_6       |   59.00 |    0.00 |   59.00 |    0.00 |   59.00
  14 | PLAT_6       |   59.00 |    0.00 |   59.00 |    0.00 |   59.00
  12 | PLAT_6       |   59.00 |    0.00 |   59.00 |   17.00 |   42.00
[FO_PETRO] Navio 1 | hF=0.3238h hB=25.5538h hN=32.0404h hDP=38.4058h | T=96.3238h
[FO_PETRO] Navio 1 | AT_k=0.8000h B_k=1.1238h P_k=25.8376h R_k=96.2838h F_k=97.1238h
[FO_PETRO] Navio 1 | hDP decomposto: SET=4.1000h SP=5.1000h servico=29.1225h espera(residual)=0.0833h
[FO_PETRO] Navio 1 | tripDurationLimit=96.0000h | F_k-s_k=96.0000h | folga=0.0000h
[FO_PETRO] Navio 1 | FCA(theta)=84.0000 FCB(varphi)=84.0000 FCN(gamma)=648.0000 FCS(delta)=491.0000 (USD/h)
[FO_PETRO] Navio 1 | f1 marginal (custo relativo ao fundeio, theta=FCA): termo_base=(FCB-FCA)*hB=0.0000 | termo_navegacao=(FCN-FCA)*hN=18070.8104 | termo_servico=(FCS-FCA)*hDP=15631.1427 | f1_k=33701.9531 USD
[FO_PETRO] Navio 1 | alpha*f1_k=0.0000 USD | (1-alpha)*eta*xi_k*T_k=96.3238 (xi_k=1, NAO CONFIRMADO -- ver ETAPA 5) | custo_total=96.3238
------------------------------------------------------------------------------
[FO_PETRO] FROTA | custo_direto_total(f1)=45488.4834 USD | tempo_total(xi)=129.5496 h | alpha*f1=0.0000 USD | (1-alpha)*eta*soma(xi)=129.5496 | FO_total=129.5496
[EXATO_PETRO] Solucao operacionalmente valida.


====================================================================================================
RESULTADO COMPACTO LIVRE (20s, sem fixar_rotas, considerar_conflito_plataforma=False)
====================================================================================================
ok = True
status = TIME_LIMIT
tem_solucao = True
otimo = False
ObjVal = 129.5495672944571
BestBound = 14.642603241324169
gap = 0.886972966817847
rotas = {0: [0, 8, 1, 15], 1: [0, 9, 10, 5, 7, 6, 2, 3, 4, 11, 13, 14, 12, 15]}
alpha = 0.0
eta = 1.0
f1_total = 45488.48342046439
f2_total = 129.54956729445706
alpha*f1 = 0.0
(1-alpha)*eta*f2 = 129.54956729445706
FO reconstruida (alpha*f1 + (1-alpha)*eta*f2) = 129.54956729445706
diferenca FO reconstruida - ObjVal = 2.842170943040401e-14
exato_petro_consistente = True

====================================================================================================
[SMOKE TEST] PASS -- solucao operacionalmente aceita, FO reconstruida fecha com ObjVal
====================================================================================================
