
[C++ MODULE]
arquivo=C:\Users\PolyanaSilva\Documents\BP_VRPTW\PD_SILVA_CPP\PD_SILVA_CPP\x64\Release\vrptw_pd_silva.pyd
[AVISO PETRO] Frota heterogenea - usando navio de MENOR deckSpace.
======================================================================
LEITURA PETRO: instancias/Petro_instancias/14n-2k-6c-008r_ML_silva2024.json
Clientes: 14 | Navios: 2 | deckSpace=570 dieselTanks=1000 waterTanks=800
initialStock: diesel=0 agua=0 | janela base=[25200, 345600] s | max_partida=0 s
----------------------------------------------------------------------
no             dem_v1   deck_L   deck_B   diesel     agua  serv(s)  #jan
BASE_BASE_SILVA      0.0      0.0      0.0      0.0      0.0     0.00     1
PLAT_1_order_0     16.0     16.0      0.0      0.0      0.0  1918.08     1
PLAT_2_order_1     27.0      0.0     27.0      0.0      0.0  3236.76     2
PLAT_2_order_2     14.0     14.0      0.0      0.0      0.0  1678.32     2
PLAT_2_order_3      0.0      0.0      0.0    336.0      0.0 18023.04     2
PLAT_3_order_4     19.0     19.0      0.0      0.0      0.0  2277.72     2
PLAT_4_order_5     77.0     77.0      0.0      0.0      0.0 12945.24     2
PLAT_4_order_6      0.0      0.0      0.0    283.0      0.0 13040.64     2
PLAT_5_order_7     18.0      0.0     18.0      0.0      0.0  2157.84     2
PLAT_5_order_8     33.0     33.0      0.0      0.0      0.0  3956.04     2
PLAT_5_order_9      0.0      0.0      0.0    177.0      0.0  9494.28     2
PLAT_6_order_10     15.0      0.0     15.0      0.0      0.0  1798.20     2
PLAT_6_order_11     17.0     17.0      0.0      0.0      0.0  2037.96     2
PLAT_6_order_12      0.0      0.0      0.0    220.0      0.0 11800.80     2
PLAT_6_order_13      0.0      0.0      0.0      0.0    381.0 24551.64     2
----------------------------------------------------------------------
Demanda v1 total (deck L+B): 236.0  (capacidade 570)
Diesel total: 1016.0 (stock 0) | Agua total: 381.0 (stock 0)
base -> PLAT_1_order_0:  167.8 km     47552 s
base -> PLAT_2_order_1:  192.6 km     54599 s
base -> PLAT_2_order_2:  192.6 km     54599 s
base -> PLAT_2_order_3:  192.6 km     54599 s
base -> PLAT_3_order_4:  182.9 km     51848 s
base -> PLAT_4_order_5:  199.8 km     56638 s
base -> PLAT_4_order_6:  199.8 km     56638 s
base -> PLAT_5_order_7:  172.0 km     48742 s
base -> PLAT_5_order_8:  172.0 km     48742 s
base -> PLAT_5_order_9:  172.0 km     48742 s
base -> PLAT_6_order_10:  192.7 km     54621 s
base -> PLAT_6_order_11:  192.7 km     54621 s
base -> PLAT_6_order_12:  192.7 km     54621 s
base -> PLAT_6_order_13:  192.7 km     54621 s
======================================================================

####################################################################################################
# CASO: raiz_sem_branching_navio0 -- k=0 sigma_k=2.0 mu_arc={}
####################################################################################################

[SILVA BID PY x CPP]
caso=raiz_sem_branching_navio0
k=0

PY:
melhor_rc=-32.143045616114705
rota=[0, 6, 1, 15]
labels=n/d (SUB_PROG_BID_SILVA nao expoe total_labels)
completa=False timeout=False
tempo=0.0007s

CPP:
melhor_rc=-32.143045616114705
rota=[0, 6, 1, 15]
labels=16
completa=False timeout=False nivel=2
tempo=0.0000s

speedup=15.796591702117222

[VALIDACAO][OK] todas as checagens passaram

####################################################################################################
# CASO: raiz_sem_branching_navio1 -- k=1 sigma_k=2.0 mu_arc={}
####################################################################################################

[SILVA BID PY x CPP]
caso=raiz_sem_branching_navio1
k=1

PY:
melhor_rc=-7.579325220399518
rota=[0, 6, 15]
labels=n/d (SUB_PROG_BID_SILVA nao expoe total_labels)
completa=False timeout=False
tempo=0.0003s

CPP:
melhor_rc=-7.579325220399518
rota=[0, 6, 15]
labels=7
completa=False timeout=False nivel=1
tempo=0.0000s

speedup=39.18795518472161

[VALIDACAO][OK] todas as checagens passaram

####################################################################################################
# CASO: com_mu_arc -- k=0 sigma_k=1.5 mu_arc={(0, 1): 0.5, (1, 8, 0): 1.2}
####################################################################################################

[SILVA BID PY x CPP]
caso=com_mu_arc
k=0

PY:
melhor_rc=-31.643045616114705
rota=[0, 6, 1, 15]
labels=n/d (SUB_PROG_BID_SILVA nao expoe total_labels)
completa=False timeout=False
tempo=0.0007s

CPP:
melhor_rc=-31.643045616114705
rota=[0, 6, 1, 15]
labels=16
completa=False timeout=False nivel=2
tempo=0.0000s

speedup=43.96317111458748

[VALIDACAO][OK] todas as checagens passaram

####################################################################################################
# CASO: com_branching_fixa_0_1_proibe_1_8 -- k=0 sigma_k=2.0 mu_arc={}
####################################################################################################

[SILVA BID PY x CPP]
caso=com_branching_fixa_0_1_proibe_1_8
k=0

PY:
melhor_rc=-24.45509340162848
rota=[0, 1, 2, 15]
labels=n/d (SUB_PROG_BID_SILVA nao expoe total_labels)
completa=False timeout=False
tempo=0.0003s

CPP:
melhor_rc=-24.45509340162848
rota=[0, 1, 2, 15]
labels=6
completa=False timeout=False nivel=2
tempo=0.0000s

speedup=37.46151924133301

[VALIDACAO][OK] todas as checagens passaram

####################################################################################################
# CASO: com_branching_cadeia_0_6_1 -- k=0 sigma_k=2.0 mu_arc={}
####################################################################################################

[SILVA BID PY x CPP]
caso=com_branching_cadeia_0_6_1
k=0

PY:
melhor_rc=-56.44379301643969
rota=[0, 6, 1, 2, 15]
labels=n/d (SUB_PROG_BID_SILVA nao expoe total_labels)
completa=False timeout=False
tempo=0.0004s

CPP:
melhor_rc=-56.44379301643969
rota=[0, 6, 1, 2, 15]
labels=7
completa=False timeout=False nivel=3
tempo=0.0000s

speedup=34.41897305575284

[VALIDACAO][OK] todas as checagens passaram

####################################################################################################
# CASO: com_arco_retorno_proibido_6 -- k=0 sigma_k=2.0 mu_arc={}
####################################################################################################

[SILVA BID PY x CPP]
caso=com_arco_retorno_proibido_6
k=0

PY:
melhor_rc=-34.862553110968726
rota=[0, 6, 2, 15]
labels=n/d (SUB_PROG_BID_SILVA nao expoe total_labels)
completa=False timeout=False
tempo=0.0006s

CPP:
melhor_rc=-34.862553110968726
rota=[0, 6, 2, 15]
labels=17
completa=False timeout=False nivel=2
tempo=0.0000s

speedup=61.56392616800743

[VALIDACAO][OK] todas as checagens passaram

####################################################################################################
# BID CPP BRANCH TEST (arco fixado): cadeia_0_6_1_forca_6_1
####################################################################################################

[BID CPP BRANCH TEST]
arco_fixo=(6,1,0)
label_chegou_6=True
label_expandiu_6_1=True
candidata_contem_arco=True
coluna_respeita_no=True
rota_encontrada=[0, 6, 1, 2, 15]
completa=False labels=7 nivel=3 tempo=0.0000s

[VALIDACAO][OK] todas as checagens passaram

####################################################################################################
# BID CPP BRANCH TEST (arco proibido p/ deposito): proibe_6_para_deposito
####################################################################################################

[BID CPP BRANCH TEST]
arco_proibido=(6,15,0)
label_chegou_6=True
label_expandiu_6_j=True
candidata_contem_arco=True
coluna_respeita_no=True
rota_encontrada=[0, 6, 2, 15]
completa=False labels=17 nivel=2 tempo=0.0000s

[VALIDACAO][OK] todas as checagens passaram


====================================================================================================
[RESULTADO FINAL] TODOS OS CASOS OK
====================================================================================================
